Args in experiment:
Namespace(random_seed=2021, is_training=1, model_id='AngleDataFreqMoE_200_200', model='PatchTST', data='angle', root_path='../../dataset/', data_path='data.csv', features='M', target='z_angle_1', freq='h', use_fft_enhance_data=False, fft_low_freq_ratio=0.25, fft_high_freq_ratio=0.7, fft_cutoff_ratio=0.9, fft_low_freq_boost=1.3, fft_mid_freq_boost=1.1, fft_high_freq_suppress=0.2, fft_residual_ratio=0.5, fft_reflection_pad=32, use_moe=False, moe_low_freq_ratio=0.005, moe_high_freq_ratio=0.01, moe_cutoff_ratio=0.02, moe_frequency_residual_ratio=0.7, moe_modal_residual_ratio=0.7, moe_temperature=1.0, moe_frequency_experts=3, moe_frequency_topk=0, moe_energy_norm='density', use_freqmoe=True, freqmoe_experts=8, freqmoe_use_norm=1, checkpoints='./checkpoints/', use_augmentation=True, jitter_sigma=0.08, scale_alpha=0.1, use_smoothing=True, downsample_rate=10, seq_len=200, label_len=48, pred_len=200, check_self_correlation=True, self_corr_channel=2, dlinear_xyz_use_pos_encoding=False, dlinear_xyz_use_arima_trend=False, dlinear_xyz_use_arima_trend_comp=False, dlinear_xyz_use_fft_promote_feature=False, dlinear_xyz_use_fft_plus_feature=False, dlinear_xyz_use_ifft_plus=False, dlinear_xyz_use_merge=False, dlinear_xyz_use_broader_individual=False, dlinear_xyz_use_mix_linear=False, dlinear_xyz_use_autoformer=False, dlinear_xyz_use_full_autoformer=False, dlinear_xyz_top_k_fft=64, dlinear_xyz_top_k_corr=4, dlinear_xyz_layers_cnt=1, dlinear_xyz_layers_cnt_encoder=1, dlinear_xyz_arima_order='(2,1,0)', dlinear_xyz_arima_moving_avg=5, dlinear_xyz_merge_rate_init=0.3, dlinear_xyz_merge_between_init=1.0, fc_dropout=0.1, head_dropout=0.0, patch_len=16, stride=1, padding_patch='end', revin=1, affine=0, subtract_last=0, decomposition=0, kernel_size=25, individual=1, arima_order_p=2, arima_order_d=0, arima_order_q=1, arima_maxiter=200, arima_enforce_stationarity=False, arima_enforce_invertibility=False, arima_fallback_window=5, prophet_changepoint_prior_scale=0.05, prophet_seasonality_mode='additive', prophet_growth='linear', prophet_n_changepoints=25, prophet_yearly_seasonality='auto', prophet_weekly_seasonality='auto', prophet_daily_seasonality='auto', prophet_fallback_window=5, embed_type=0, enc_in=3, dec_in=3, c_out=3, d_model=64, n_heads=2, e_layers=2, d_layers=1, d_ff=128, moving_avg=25, factor=1, distil=True, dropout=0.3, embed='timeF', activation='gelu', output_attention=False, do_predict=False, stem_ratio=6, downsample_ratio=2, ffn_ratio=2, patch_size=16, patch_stride=8, num_blocks=[1, 1, 1, 1], large_size=[31, 29, 27, 13], small_size=[5, 5, 5, 5], dims=[256, 256, 256, 256], small_kernel_merged=False, use_multi_scale=1, num_workers=0, itr=1, train_epochs=10, batch_size=32, patience=5, learning_rate=0.0001, des='ExpFreqMoE', loss='mse', lradj='type3', pct_start=0.3, use_amp=False, rec_lambda=1.0, auxi_lambda=0.0, use_gpu=False, gpu=0, use_multi_gpu=False, devices='0,1,2,3', test_flop=False)
Use CPU
Using RevIN
Using individual heads for each variable
freqMoE增强已启用：频域专家动态重加权。
freqMoE 初始专家频段划分:
  专家00: 频段=[0, 50), 覆盖比例=0.4950
  专家01: 频段=[50, 53), 覆盖比例=0.0297
  专家02: 频段=[53, 56), 覆盖比例=0.0297
  专家03: 频段=[56, 57), 覆盖比例=0.0099
  专家04: 频段=[57, 58), 覆盖比例=0.0099
  专家05: 频段=[57, 66), 覆盖比例=0.0891
  专家06: 频段=[66, 68), 覆盖比例=0.0198
  专家07: 频段=[68, 101), 覆盖比例=0.3267
>>>>>>>start training : AngleDataFreqMoE_200_200_PatchTST_angle_ftM_sl200_ll48_pl200_dm64_nh2_el2_dl1_df128_fc1_ebtimeF_dtTrue_ExpFreqMoE_0>>>>>>>>>>>>>>>>>>>>>>>>>>
已应用use_augmentation
已应用use_smoothing
已保存可视化图像到: ./smoothing_visualization/before_smoothing.png
降采样rate：10
已保存可视化图像到: ./smoothing_visualization/after_smoothing.png
已生成平滑前后对比图。平滑处理将在每个训练样本上独立应用。
当前样本类型: train, 该类型样本数量: 3801
已应用use_smoothing
当前样本类型: val, 该类型样本数量: 1001
已应用use_smoothing
当前样本类型: test, 该类型样本数量: 401
train_epoch: 10
	iters: 100, epoch: 1 | loss: 0.0476655
	speed: 0.1548s/iter; left time: 167.3812s
Epoch: 1 cost time: 18.258872747421265
Epoch: 1 | Train Loss: 0.0811132 Vali Loss: 0.0162036 Test Loss: 0.0191759
Validation loss decreased (inf --> 0.016204).  Saving model ...
Updating learning rate to 0.0001
train_epoch: 10
	iters: 100, epoch: 2 | loss: 0.0530791
	speed: 0.2051s/iter; left time: 197.4989s
Epoch: 2 cost time: 18.515424013137817
Epoch: 2 | Train Loss: 0.0499612 Vali Loss: 0.0171714 Test Loss: 0.0214621
EarlyStopping counter: 1 out of 5
Updating learning rate to 0.0001
train_epoch: 10
	iters: 100, epoch: 3 | loss: 0.0393005
	speed: 0.1940s/iter; left time: 163.9398s
Epoch: 3 cost time: 17.425482034683228
Epoch: 3 | Train Loss: 0.0419651 Vali Loss: 0.0169088 Test Loss: 0.0200735
EarlyStopping counter: 2 out of 5
Updating learning rate to 0.0001
train_epoch: 10
	iters: 100, epoch: 4 | loss: 0.0441215
	speed: 0.1932s/iter; left time: 140.4313s
Epoch: 4 cost time: 17.424273014068604
Epoch: 4 | Train Loss: 0.0393561 Vali Loss: 0.0174720 Test Loss: 0.0202533
EarlyStopping counter: 3 out of 5
Updating learning rate to 9e-05
train_epoch: 10
	iters: 100, epoch: 5 | loss: 0.0330295
	speed: 0.1953s/iter; left time: 118.9299s
Epoch: 5 cost time: 17.75473117828369
Epoch: 5 | Train Loss: 0.0383893 Vali Loss: 0.0167747 Test Loss: 0.0202116
EarlyStopping counter: 4 out of 5
Updating learning rate to 8.1e-05
train_epoch: 10
	iters: 100, epoch: 6 | loss: 0.0359843
	speed: 0.2023s/iter; left time: 99.3135s
Epoch: 6 cost time: 18.15859889984131
Epoch: 6 | Train Loss: 0.0380127 Vali Loss: 0.0170056 Test Loss: 0.0204548
EarlyStopping counter: 5 out of 5
Early stopping
损失历史已保存至: ./checkpoints/AngleDataFreqMoE_200_200_PatchTST_angle_ftM_sl200_ll48_pl200_dm64_nh2_el2_dl1_df128_fc1_ebtimeF_dtTrue_ExpFreqMoE_0/loss_history.csv
损失曲线图已保存至: ./checkpoints/AngleDataFreqMoE_200_200_PatchTST_angle_ftM_sl200_ll48_pl200_dm64_nh2_el2_dl1_df128_fc1_ebtimeF_dtTrue_ExpFreqMoE_0/loss_curve.pdf
freqMoE 训练结束专家统计（按平均权重降序）:
  专家00: 平均权重=0.9539, 覆盖比例=0.4950, 频段=[0, 50)
  专家07: 平均权重=0.0256, 覆盖比例=0.3267, 频段=[68, 101)
  专家03: 平均权重=0.0138, 覆盖比例=0.0099, 频段=[56, 57)
  专家05: 平均权重=0.0054, 覆盖比例=0.0891, 频段=[57, 66)
  专家02: 平均权重=0.0007, 覆盖比例=0.0297, 频段=[53, 56)
  专家04: 平均权重=0.0004, 覆盖比例=0.0000, 频段=[57, 57)
  专家06: 平均权重=0.0001, 覆盖比例=0.0198, 频段=[66, 68)
  专家01: 平均权重=0.0000, 覆盖比例=0.0297, 频段=[50, 53)
>>>>>>>testing : AngleDataFreqMoE_200_200_PatchTST_angle_ftM_sl200_ll48_pl200_dm64_nh2_el2_dl1_df128_fc1_ebtimeF_dtTrue_ExpFreqMoE_0<<<<<<<<<<<<<<<<<<<<<<<<<<<<<<<<<
已应用use_smoothing
当前样本类型: test, 该类型样本数量: 401
已应用use_smoothing
当前样本类型: val, 该类型样本数量: 1001
已保存 DML 偏相关矩阵至: ./results/AngleDataFreqMoE_200_200_PatchTST_angle_ftM_sl200_ll48_pl200_dm64_nh2_el2_dl1_df128_fc1_ebtimeF_dtTrue_ExpFreqMoE_0/self_correlation_channel2.csv
已保存 DML 偏相关热力图至: ./results/AngleDataFreqMoE_200_200_PatchTST_angle_ftM_sl200_ll48_pl200_dm64_nh2_el2_dl1_df128_fc1_ebtimeF_dtTrue_ExpFreqMoE_0/self_correlation_channel2.png
已保存 FFT 实部偏相关矩阵至: ./results/AngleDataFreqMoE_200_200_PatchTST_angle_ftM_sl200_ll48_pl200_dm64_nh2_el2_dl1_df128_fc1_ebtimeF_dtTrue_ExpFreqMoE_0/self_correlation_fft_real_channel2.csv
已保存 FFT 实部偏相关热力图至: ./results/AngleDataFreqMoE_200_200_PatchTST_angle_ftM_sl200_ll48_pl200_dm64_nh2_el2_dl1_df128_fc1_ebtimeF_dtTrue_ExpFreqMoE_0/self_correlation_fft_real_channel2.png
已保存 FFT 虚部偏相关矩阵至: ./results/AngleDataFreqMoE_200_200_PatchTST_angle_ftM_sl200_ll48_pl200_dm64_nh2_el2_dl1_df128_fc1_ebtimeF_dtTrue_ExpFreqMoE_0/self_correlation_fft_imag_channel2.csv
已保存 FFT 虚部偏相关热力图至: ./results/AngleDataFreqMoE_200_200_PatchTST_angle_ftM_sl200_ll48_pl200_dm64_nh2_el2_dl1_df128_fc1_ebtimeF_dtTrue_ExpFreqMoE_0/self_correlation_fft_imag_channel2.png
标准化后 - mse:0.020894085988402367, mae:0.1256072074174881, rse:0.16568107903003693
标准化后 - x: mse=0.016978, mae=0.111650
标准化后 - y: mse=0.028827, mae=0.147275
标准化后 - z: mse=0.016877, mae=0.117897
preds_denorm shape: (384, 200, 3)
反标准化后 - mse:0.0035549544263631105, mae:0.05194859951734543, rse:0.001408901414833963
反标准化后 - x: mse=0.003589, mae=0.051331
反标准化后 - y: mse=0.004387, mae=0.057453
反标准化后 - z: mse=0.002689, mae=0.047063
已生成 5 个样本的反标准化后可视化图片。一共有384个样本。
