Args in experiment:
Namespace(random_seed=2021, is_training=1, model_id='IMUDataFreqMoE_200_200', model='PatchTST', data='imu', root_path='../../dataset/', data_path='imu_data_with_jitter_reduced.xlsx', features='M', target='yaw', freq='h', use_fft_enhance_data=False, fft_low_freq_ratio=0.25, fft_high_freq_ratio=0.7, fft_cutoff_ratio=0.9, fft_low_freq_boost=1.3, fft_mid_freq_boost=1.1, fft_high_freq_suppress=0.2, fft_residual_ratio=0.5, fft_reflection_pad=32, use_moe=False, moe_low_freq_ratio=0.005, moe_high_freq_ratio=0.01, moe_cutoff_ratio=0.02, moe_frequency_residual_ratio=0.7, moe_modal_residual_ratio=0.7, moe_temperature=1.0, moe_frequency_experts=3, moe_frequency_topk=0, moe_energy_norm='density', use_freqmoe=True, freqmoe_experts=8, freqmoe_use_norm=1, checkpoints='./checkpoints/', use_augmentation=True, jitter_sigma=0.08, scale_alpha=0.1, use_smoothing=True, downsample_rate=10, seq_len=200, label_len=48, pred_len=200, check_self_correlation=True, self_corr_channel=2, dlinear_xyz_use_pos_encoding=False, dlinear_xyz_use_arima_trend=False, dlinear_xyz_use_arima_trend_comp=False, dlinear_xyz_use_fft_promote_feature=False, dlinear_xyz_use_fft_plus_feature=False, dlinear_xyz_use_ifft_plus=False, dlinear_xyz_use_merge=False, dlinear_xyz_use_broader_individual=False, dlinear_xyz_use_mix_linear=False, dlinear_xyz_use_autoformer=False, dlinear_xyz_use_full_autoformer=False, dlinear_xyz_top_k_fft=64, dlinear_xyz_top_k_corr=4, dlinear_xyz_layers_cnt=1, dlinear_xyz_layers_cnt_encoder=1, dlinear_xyz_arima_order='(2,1,0)', dlinear_xyz_arima_moving_avg=5, dlinear_xyz_merge_rate_init=0.3, dlinear_xyz_merge_between_init=1.0, fc_dropout=0.1, head_dropout=0.0, patch_len=16, stride=1, padding_patch='end', revin=1, affine=0, subtract_last=0, decomposition=0, kernel_size=25, individual=1, arima_order_p=2, arima_order_d=0, arima_order_q=1, arima_maxiter=200, arima_enforce_stationarity=False, arima_enforce_invertibility=False, arima_fallback_window=5, prophet_changepoint_prior_scale=0.05, prophet_seasonality_mode='additive', prophet_growth='linear', prophet_n_changepoints=25, prophet_yearly_seasonality='auto', prophet_weekly_seasonality='auto', prophet_daily_seasonality='auto', prophet_fallback_window=5, embed_type=0, enc_in=3, dec_in=3, c_out=3, d_model=64, n_heads=2, e_layers=2, d_layers=1, d_ff=128, moving_avg=25, factor=1, distil=True, dropout=0.3, embed='timeF', activation='gelu', output_attention=False, do_predict=False, stem_ratio=6, downsample_ratio=2, ffn_ratio=2, patch_size=16, patch_stride=8, num_blocks=[1, 1, 1, 1], large_size=[31, 29, 27, 13], small_size=[5, 5, 5, 5], dims=[256, 256, 256, 256], small_kernel_merged=False, use_multi_scale=1, num_workers=0, itr=1, train_epochs=10, batch_size=32, patience=5, learning_rate=0.0001, des='ExpFreqMoE', loss='mse', lradj='type3', pct_start=0.3, use_amp=False, rec_lambda=1.0, auxi_lambda=0.0, use_gpu=False, gpu=0, use_multi_gpu=False, devices='0,1,2,3', test_flop=False)
Use CPU
Using RevIN
Using individual heads for each variable
freqMoE增强已启用：频域专家动态重加权。
freqMoE 初始专家频段划分:
  专家00: 频段=[0, 50), 覆盖比例=0.4950
  专家01: 频段=[50, 53), 覆盖比例=0.0297
  专家02: 频段=[53, 56), 覆盖比例=0.0297
  专家03: 频段=[56, 57), 覆盖比例=0.0099
  专家04: 频段=[57, 58), 覆盖比例=0.0099
  专家05: 频段=[57, 66), 覆盖比例=0.0891
  专家06: 频段=[66, 68), 覆盖比例=0.0198
  专家07: 频段=[68, 101), 覆盖比例=0.3267
>>>>>>>start training : IMUDataFreqMoE_200_200_PatchTST_imu_ftM_sl200_ll48_pl200_dm64_nh2_el2_dl1_df128_fc1_ebtimeF_dtTrue_ExpFreqMoE_0>>>>>>>>>>>>>>>>>>>>>>>>>>
已应用use_augmentation
已应用use_smoothing
当前样本类型: train, 该类型样本数量: 6720
已应用use_smoothing
当前样本类型: val, 该类型样本数量: 1835
已应用use_smoothing
当前样本类型: test, 该类型样本数量: 818
train_epoch: 10
	iters: 100, epoch: 1 | loss: 0.8321066
	speed: 0.1619s/iter; left time: 324.0573s
	iters: 200, epoch: 1 | loss: 0.8571698
	speed: 0.1668s/iter; left time: 317.1338s
Epoch: 1 cost time: 34.569053173065186
Epoch: 1 | Train Loss: 0.8542415 Vali Loss: 1.3833795 Test Loss: 1.0726762
Validation loss decreased (inf --> 1.383379).  Saving model ...
Updating learning rate to 0.0001
train_epoch: 10
	iters: 100, epoch: 2 | loss: 0.8124509
	speed: 0.2193s/iter; left time: 392.8450s
	iters: 200, epoch: 2 | loss: 0.7542746
	speed: 0.1607s/iter; left time: 271.7267s
Epoch: 2 cost time: 34.03027296066284
Epoch: 2 | Train Loss: 0.7623326 Vali Loss: 1.2719146 Test Loss: 0.9929466
Validation loss decreased (1.383379 --> 1.271915).  Saving model ...
Updating learning rate to 0.0001
train_epoch: 10
	iters: 100, epoch: 3 | loss: 0.7829003
	speed: 0.2194s/iter; left time: 346.8815s
	iters: 200, epoch: 3 | loss: 0.7442892
	speed: 0.1610s/iter; left time: 238.3892s
Epoch: 3 cost time: 34.0145218372345
Epoch: 3 | Train Loss: 0.7101939 Vali Loss: 1.2348065 Test Loss: 0.9884782
Validation loss decreased (1.271915 --> 1.234807).  Saving model ...
Updating learning rate to 0.0001
train_epoch: 10
	iters: 100, epoch: 4 | loss: 0.6087106
	speed: 0.2197s/iter; left time: 301.2236s
	iters: 200, epoch: 4 | loss: 0.6672878
	speed: 0.1614s/iter; left time: 205.1561s
Epoch: 4 cost time: 33.972622871398926
Epoch: 4 | Train Loss: 0.6882684 Vali Loss: 1.2148610 Test Loss: 0.9843061
Validation loss decreased (1.234807 --> 1.214861).  Saving model ...
Updating learning rate to 9e-05
train_epoch: 10
	iters: 100, epoch: 5 | loss: 0.6697789
	speed: 0.2184s/iter; left time: 253.6184s
	iters: 200, epoch: 5 | loss: 0.5960276
	speed: 0.1601s/iter; left time: 169.8957s
Epoch: 5 cost time: 33.80404710769653
Epoch: 5 | Train Loss: 0.6670596 Vali Loss: 1.2016157 Test Loss: 0.9675484
Validation loss decreased (1.214861 --> 1.201616).  Saving model ...
Updating learning rate to 8.1e-05
train_epoch: 10
	iters: 100, epoch: 6 | loss: 0.5949437
	speed: 0.2211s/iter; left time: 210.2768s
	iters: 200, epoch: 6 | loss: 0.6905451
	speed: 0.1650s/iter; left time: 140.4329s
Epoch: 6 cost time: 34.538625717163086
Epoch: 6 | Train Loss: 0.6551902 Vali Loss: 1.2000415 Test Loss: 0.9321880
Validation loss decreased (1.201616 --> 1.200042).  Saving model ...
Updating learning rate to 7.290000000000001e-05
train_epoch: 10
	iters: 100, epoch: 7 | loss: 0.5580538
	speed: 0.2200s/iter; left time: 162.9998s
	iters: 200, epoch: 7 | loss: 0.6070686
	speed: 0.1633s/iter; left time: 104.7040s
Epoch: 7 cost time: 34.20821213722229
Epoch: 7 | Train Loss: 0.6462722 Vali Loss: 1.2079632 Test Loss: 0.9476613
EarlyStopping counter: 1 out of 5
Updating learning rate to 6.561e-05
train_epoch: 10
	iters: 100, epoch: 8 | loss: 0.6845158
	speed: 0.2218s/iter; left time: 117.7494s
	iters: 200, epoch: 8 | loss: 0.7517676
	speed: 0.1659s/iter; left time: 71.5166s
Epoch: 8 cost time: 34.738019943237305
Epoch: 8 | Train Loss: 0.6395403 Vali Loss: 1.2071788 Test Loss: 0.9303739
EarlyStopping counter: 2 out of 5
Updating learning rate to 5.904900000000001e-05
train_epoch: 10
	iters: 100, epoch: 9 | loss: 0.7493123
	speed: 0.2247s/iter; left time: 72.1138s
	iters: 200, epoch: 9 | loss: 0.5727755
	speed: 0.1675s/iter; left time: 37.0230s
Epoch: 9 cost time: 35.091360092163086
Epoch: 9 | Train Loss: 0.6344048 Vali Loss: 1.2011912 Test Loss: 0.9354050
EarlyStopping counter: 3 out of 5
Updating learning rate to 5.3144100000000005e-05
train_epoch: 10
	iters: 100, epoch: 10 | loss: 0.6034337
	speed: 0.2266s/iter; left time: 25.1570s
	iters: 200, epoch: 10 | loss: 0.6574468
	speed: 0.1648s/iter; left time: 1.8132s
Epoch: 10 cost time: 35.09467697143555
Epoch: 10 | Train Loss: 0.6284987 Vali Loss: 1.2034293 Test Loss: 0.9385891
EarlyStopping counter: 4 out of 5
Updating learning rate to 4.782969000000001e-05
损失历史已保存至: ./checkpoints/IMUDataFreqMoE_200_200_PatchTST_imu_ftM_sl200_ll48_pl200_dm64_nh2_el2_dl1_df128_fc1_ebtimeF_dtTrue_ExpFreqMoE_0/loss_history.csv
损失曲线图已保存至: ./checkpoints/IMUDataFreqMoE_200_200_PatchTST_imu_ftM_sl200_ll48_pl200_dm64_nh2_el2_dl1_df128_fc1_ebtimeF_dtTrue_ExpFreqMoE_0/loss_curve.pdf
freqMoE 训练结束专家统计（按平均权重降序）:
  专家00: 平均权重=0.9168, 覆盖比例=0.4950, 频段=[0, 50)
  专家07: 平均权重=0.0639, 覆盖比例=0.3267, 频段=[68, 101)
  专家03: 平均权重=0.0088, 覆盖比例=0.0099, 频段=[56, 57)
  专家05: 平均权重=0.0054, 覆盖比例=0.0891, 频段=[57, 66)
  专家02: 平均权重=0.0050, 覆盖比例=0.0297, 频段=[53, 56)
  专家04: 平均权重=0.0001, 覆盖比例=0.0000, 频段=[57, 57)
  专家06: 平均权重=0.0000, 覆盖比例=0.0198, 频段=[66, 68)
  专家01: 平均权重=0.0000, 覆盖比例=0.0297, 频段=[50, 53)
>>>>>>>testing : IMUDataFreqMoE_200_200_PatchTST_imu_ftM_sl200_ll48_pl200_dm64_nh2_el2_dl1_df128_fc1_ebtimeF_dtTrue_ExpFreqMoE_0<<<<<<<<<<<<<<<<<<<<<<<<<<<<<<<<<
已应用use_smoothing
当前样本类型: test, 该类型样本数量: 818
已应用use_smoothing
当前样本类型: val, 该类型样本数量: 1835
已保存 DML 偏相关矩阵至: ./results/IMUDataFreqMoE_200_200_PatchTST_imu_ftM_sl200_ll48_pl200_dm64_nh2_el2_dl1_df128_fc1_ebtimeF_dtTrue_ExpFreqMoE_0/self_correlation_channel2.csv
已保存 DML 偏相关热力图至: ./results/IMUDataFreqMoE_200_200_PatchTST_imu_ftM_sl200_ll48_pl200_dm64_nh2_el2_dl1_df128_fc1_ebtimeF_dtTrue_ExpFreqMoE_0/self_correlation_channel2.png
已保存 FFT 实部偏相关矩阵至: ./results/IMUDataFreqMoE_200_200_PatchTST_imu_ftM_sl200_ll48_pl200_dm64_nh2_el2_dl1_df128_fc1_ebtimeF_dtTrue_ExpFreqMoE_0/self_correlation_fft_real_channel2.csv
已保存 FFT 实部偏相关热力图至: ./results/IMUDataFreqMoE_200_200_PatchTST_imu_ftM_sl200_ll48_pl200_dm64_nh2_el2_dl1_df128_fc1_ebtimeF_dtTrue_ExpFreqMoE_0/self_correlation_fft_real_channel2.png
已保存 FFT 虚部偏相关矩阵至: ./results/IMUDataFreqMoE_200_200_PatchTST_imu_ftM_sl200_ll48_pl200_dm64_nh2_el2_dl1_df128_fc1_ebtimeF_dtTrue_ExpFreqMoE_0/self_correlation_fft_imag_channel2.csv
已保存 FFT 虚部偏相关热力图至: ./results/IMUDataFreqMoE_200_200_PatchTST_imu_ftM_sl200_ll48_pl200_dm64_nh2_el2_dl1_df128_fc1_ebtimeF_dtTrue_ExpFreqMoE_0/self_correlation_fft_imag_channel2.png
标准化后 - mse:0.9321812987327576, mae:0.6873978972434998, rse:0.5185299515724182
标准化后 - x: mse=1.205850, mae=0.887312
标准化后 - y: mse=0.042329, mae=0.160411
标准化后 - z: mse=1.548275, mae=1.014459
preds_denorm shape: (800, 200, 3)
反标准化后 - mse:0.0008917970699258149, mae:0.014893523417413235, rse:0.15355950593948364
反标准化后 - x: mse=0.000009, mae=0.002421
反标准化后 - y: mse=0.002660, mae=0.040212
反标准化后 - z: mse=0.000006, mae=0.002048
已生成 5 个样本的反标准化后可视化图片。一共有800个样本。
