Args in experiment:
Namespace(random_seed=2021, is_training=1, model_id='AngleDataFFT_200_200', model='PatchTST', data='angle', root_path='../../dataset/', data_path='data.csv', features='M', target='z_angle_1', freq='h', use_fft_enhance_data=True, fft_low_freq_ratio=0.25, fft_high_freq_ratio=0.7, fft_cutoff_ratio=0.9, fft_low_freq_boost=1.3, fft_mid_freq_boost=1.1, fft_high_freq_suppress=0.2, fft_residual_ratio=0.5, fft_reflection_pad=32, checkpoints='./checkpoints/', use_augmentation=True, jitter_sigma=0.08, scale_alpha=0.1, use_smoothing=True, downsample_rate=10, seq_len=200, label_len=48, pred_len=200, check_self_correlation=True, self_corr_channel=2, dlinear_xyz_use_pos_encoding=False, dlinear_xyz_use_arima_trend=False, dlinear_xyz_use_arima_trend_comp=False, dlinear_xyz_use_fft_promote_feature=False, dlinear_xyz_use_fft_plus_feature=False, dlinear_xyz_use_ifft_plus=False, dlinear_xyz_use_merge=False, dlinear_xyz_use_broader_individual=False, dlinear_xyz_use_mix_linear=False, dlinear_xyz_use_autoformer=False, dlinear_xyz_use_full_autoformer=False, dlinear_xyz_top_k_fft=64, dlinear_xyz_top_k_corr=4, dlinear_xyz_layers_cnt=1, dlinear_xyz_layers_cnt_encoder=1, dlinear_xyz_arima_order='(2,1,0)', dlinear_xyz_arima_moving_avg=5, dlinear_xyz_merge_rate_init=0.3, dlinear_xyz_merge_between_init=1.0, fc_dropout=0.1, head_dropout=0.0, patch_len=16, stride=1, padding_patch='end', revin=1, affine=0, subtract_last=0, decomposition=0, kernel_size=25, individual=1, arima_order_p=2, arima_order_d=0, arima_order_q=1, arima_maxiter=200, arima_enforce_stationarity=False, arima_enforce_invertibility=False, arima_fallback_window=5, prophet_changepoint_prior_scale=0.05, prophet_seasonality_mode='additive', prophet_growth='linear', prophet_n_changepoints=25, prophet_yearly_seasonality='auto', prophet_weekly_seasonality='auto', prophet_daily_seasonality='auto', prophet_fallback_window=5, embed_type=0, enc_in=3, dec_in=3, c_out=3, d_model=64, n_heads=2, e_layers=2, d_layers=1, d_ff=128, moving_avg=25, factor=1, distil=True, dropout=0.3, embed='timeF', activation='gelu', output_attention=False, do_predict=False, stem_ratio=6, downsample_ratio=2, ffn_ratio=2, patch_size=16, patch_stride=8, num_blocks=[1, 1, 1, 1], large_size=[31, 29, 27, 13], small_size=[5, 5, 5, 5], dims=[256, 256, 256, 256], small_kernel_merged=False, use_multi_scale=1, num_workers=0, itr=1, train_epochs=10, batch_size=32, patience=5, learning_rate=0.0001, des='ExpFFT', loss='mse', lradj='type3', pct_start=0.3, use_amp=False, rec_lambda=1.0, auxi_lambda=0.0, use_gpu=False, gpu=0, use_multi_gpu=False, devices='0,1,2,3', test_flop=False)
Use CPU
Using RevIN
Using individual heads for each variable
FFT增强已启用：模型输入将在运行时进行频域加权，评估保持在原始数据空间。
>>>>>>>start training : AngleDataFFT_200_200_PatchTST_angle_ftM_sl200_ll48_pl200_dm64_nh2_el2_dl1_df128_fc1_ebtimeF_dtTrue_ExpFFT_0>>>>>>>>>>>>>>>>>>>>>>>>>>
使用原始数据文件，并在训练/推理阶段在线执行FFT增强。
已应用use_augmentation
已应用use_smoothing
已保存可视化图像到: ./smoothing_visualization/before_smoothing.png
降采样rate：10
已保存可视化图像到: ./smoothing_visualization/after_smoothing.png
已生成平滑前后对比图。平滑处理将在每个训练样本上独立应用。
当前样本类型: train, 该类型样本数量: 3801
使用原始数据文件，并在训练/推理阶段在线执行FFT增强。
已应用use_smoothing
当前样本类型: val, 该类型样本数量: 1001
使用原始数据文件，并在训练/推理阶段在线执行FFT增强。
已应用use_smoothing
当前样本类型: test, 该类型样本数量: 401
train_epoch: 10
	iters: 100, epoch: 1 | loss: 0.0698979
	speed: 0.1811s/iter; left time: 195.8146s
Epoch: 1 cost time: 21.455683708190918
Epoch: 1 | Train Loss: 0.0798750 Vali Loss: 0.0179537 Test Loss: 0.0218659
Validation loss decreased (inf --> 0.017954).  Saving model ...
Updating learning rate to 0.0001
train_epoch: 10
	iters: 100, epoch: 2 | loss: 0.0402668
	speed: 0.2351s/iter; left time: 226.4119s
Epoch: 2 cost time: 21.023165941238403
Epoch: 2 | Train Loss: 0.0517526 Vali Loss: 0.0147208 Test Loss: 0.0185102
Validation loss decreased (0.017954 --> 0.014721).  Saving model ...
Updating learning rate to 0.0001
train_epoch: 10
	iters: 100, epoch: 3 | loss: 0.0327493
	speed: 0.2273s/iter; left time: 192.0460s
Epoch: 3 cost time: 20.337991952896118
Epoch: 3 | Train Loss: 0.0430213 Vali Loss: 0.0129484 Test Loss: 0.0170917
Validation loss decreased (0.014721 --> 0.012948).  Saving model ...
Updating learning rate to 0.0001
train_epoch: 10
	iters: 100, epoch: 4 | loss: 0.0436867
	speed: 0.2211s/iter; left time: 160.7721s
Epoch: 4 cost time: 19.75033187866211
Epoch: 4 | Train Loss: 0.0407361 Vali Loss: 0.0142091 Test Loss: 0.0192942
EarlyStopping counter: 1 out of 5
Updating learning rate to 9e-05
train_epoch: 10
	iters: 100, epoch: 5 | loss: 0.0462095
	speed: 0.2272s/iter; left time: 138.3794s
Epoch: 5 cost time: 20.640014171600342
Epoch: 5 | Train Loss: 0.0393310 Vali Loss: 0.0129039 Test Loss: 0.0166028
Validation loss decreased (0.012948 --> 0.012904).  Saving model ...
Updating learning rate to 8.1e-05
train_epoch: 10
	iters: 100, epoch: 6 | loss: 0.0333490
	speed: 0.2316s/iter; left time: 113.7164s
Epoch: 6 cost time: 20.335958003997803
Epoch: 6 | Train Loss: 0.0392580 Vali Loss: 0.0124899 Test Loss: 0.0160579
Validation loss decreased (0.012904 --> 0.012490).  Saving model ...
Updating learning rate to 7.290000000000001e-05
train_epoch: 10
	iters: 100, epoch: 7 | loss: 0.0370787
	speed: 0.2264s/iter; left time: 84.4382s
Epoch: 7 cost time: 20.327196836471558
Epoch: 7 | Train Loss: 0.0388778 Vali Loss: 0.0125288 Test Loss: 0.0162055
EarlyStopping counter: 1 out of 5
Updating learning rate to 6.561e-05
train_epoch: 10
	iters: 100, epoch: 8 | loss: 0.0469156
	speed: 0.2339s/iter; left time: 59.6483s
Epoch: 8 cost time: 21.619702100753784
Epoch: 8 | Train Loss: 0.0386591 Vali Loss: 0.0122600 Test Loss: 0.0156950
Validation loss decreased (0.012490 --> 0.012260).  Saving model ...
Updating learning rate to 5.904900000000001e-05
train_epoch: 10
	iters: 100, epoch: 9 | loss: 0.0284752
	speed: 0.2341s/iter; left time: 32.0686s
Epoch: 9 cost time: 21.07395100593567
Epoch: 9 | Train Loss: 0.0384114 Vali Loss: 0.0131964 Test Loss: 0.0167427
EarlyStopping counter: 1 out of 5
Updating learning rate to 5.3144100000000005e-05
train_epoch: 10
	iters: 100, epoch: 10 | loss: 0.0359834
	speed: 0.2250s/iter; left time: 4.2753s
Epoch: 10 cost time: 19.916163206100464
Epoch: 10 | Train Loss: 0.0380102 Vali Loss: 0.0115594 Test Loss: 0.0152972
Validation loss decreased (0.012260 --> 0.011559).  Saving model ...
Updating learning rate to 4.782969000000001e-05
损失历史已保存至: ./checkpoints/AngleDataFFT_200_200_PatchTST_angle_ftM_sl200_ll48_pl200_dm64_nh2_el2_dl1_df128_fc1_ebtimeF_dtTrue_ExpFFT_0/loss_history.csv
损失曲线图已保存至: ./checkpoints/AngleDataFFT_200_200_PatchTST_angle_ftM_sl200_ll48_pl200_dm64_nh2_el2_dl1_df128_fc1_ebtimeF_dtTrue_ExpFFT_0/loss_curve.pdf
>>>>>>>testing : AngleDataFFT_200_200_PatchTST_angle_ftM_sl200_ll48_pl200_dm64_nh2_el2_dl1_df128_fc1_ebtimeF_dtTrue_ExpFFT_0<<<<<<<<<<<<<<<<<<<<<<<<<<<<<<<<<
使用原始数据文件，并在训练/推理阶段在线执行FFT增强。
已应用use_smoothing
当前样本类型: test, 该类型样本数量: 401
使用原始数据文件，并在训练/推理阶段在线执行FFT增强。
已应用use_smoothing
当前样本类型: val, 该类型样本数量: 1001
已保存 DML 偏相关矩阵至: ./results/AngleDataFFT_200_200_PatchTST_angle_ftM_sl200_ll48_pl200_dm64_nh2_el2_dl1_df128_fc1_ebtimeF_dtTrue_ExpFFT_0/self_correlation_channel2.csv
已保存 DML 偏相关热力图至: ./results/AngleDataFFT_200_200_PatchTST_angle_ftM_sl200_ll48_pl200_dm64_nh2_el2_dl1_df128_fc1_ebtimeF_dtTrue_ExpFFT_0/self_correlation_channel2.png
已保存 FFT 实部偏相关矩阵至: ./results/AngleDataFFT_200_200_PatchTST_angle_ftM_sl200_ll48_pl200_dm64_nh2_el2_dl1_df128_fc1_ebtimeF_dtTrue_ExpFFT_0/self_correlation_fft_real_channel2.csv
已保存 FFT 实部偏相关热力图至: ./results/AngleDataFFT_200_200_PatchTST_angle_ftM_sl200_ll48_pl200_dm64_nh2_el2_dl1_df128_fc1_ebtimeF_dtTrue_ExpFFT_0/self_correlation_fft_real_channel2.png
已保存 FFT 虚部偏相关矩阵至: ./results/AngleDataFFT_200_200_PatchTST_angle_ftM_sl200_ll48_pl200_dm64_nh2_el2_dl1_df128_fc1_ebtimeF_dtTrue_ExpFFT_0/self_correlation_fft_imag_channel2.csv
已保存 FFT 虚部偏相关热力图至: ./results/AngleDataFFT_200_200_PatchTST_angle_ftM_sl200_ll48_pl200_dm64_nh2_el2_dl1_df128_fc1_ebtimeF_dtTrue_ExpFFT_0/self_correlation_fft_imag_channel2.png
标准化后 - mse:0.015297153033316135, mae:0.09214535355567932, rse:0.14176417887210846
标准化后 - x: mse=0.016987, mae=0.099359
标准化后 - y: mse=0.014571, mae=0.090212
标准化后 - z: mse=0.014333, mae=0.086865
preds_denorm shape: (384, 200, 3)
反标准化后 - mse:0.0026973127387464046, mae:0.03851575031876564, rse:0.0012272392632439733
反标准化后 - x: mse=0.003590, mae=0.045680
反标准化后 - y: mse=0.002217, mae=0.035192
反标准化后 - z: mse=0.002284, mae=0.034675
已生成 5 个样本的反标准化后可视化图片。一共有384个样本。
