Args in experiment:
Namespace(random_seed=2021, is_training=1, model_id='AngleData_200_200', model='DLinear', data='angle', root_path='../../dataset/', data_path='data.csv', features='M', target='z_angle_1', freq='h', checkpoints='./checkpoints/', use_augmentation=True, jitter_sigma=0.05, scale_alpha=0.1, use_smoothing=True, downsample_rate=2, seq_len=200, label_len=48, pred_len=200, check_self_correlation=True, self_corr_channel=0, dlinear_xyz_use_pos_encoding=False, dlinear_xyz_use_arima_trend=False, dlinear_xyz_use_arima_trend_comp=False, dlinear_xyz_use_fft_promote_feature=False, dlinear_xyz_use_fft_plus_feature=False, dlinear_xyz_use_ifft_plus=False, dlinear_xyz_use_merge=False, dlinear_xyz_use_broader_individual=False, dlinear_xyz_use_mix_linear=False, dlinear_xyz_use_autoformer=False, dlinear_xyz_use_full_autoformer=False, dlinear_xyz_top_k_fft=64, dlinear_xyz_top_k_corr=4, dlinear_xyz_layers_cnt=1, dlinear_xyz_layers_cnt_encoder=1, dlinear_xyz_arima_order='(2,1,0)', dlinear_xyz_arima_moving_avg=5, dlinear_xyz_merge_rate_init=0.3, dlinear_xyz_merge_between_init=1.0, fc_dropout=0.05, head_dropout=0.0, patch_len=16, stride=8, padding_patch='end', revin=1, affine=0, subtract_last=0, decomposition=0, kernel_size=25, individual=0, arima_order_p=2, arima_order_d=0, arima_order_q=1, arima_maxiter=200, arima_enforce_stationarity=False, arima_enforce_invertibility=False, arima_fallback_window=5, prophet_changepoint_prior_scale=0.05, prophet_seasonality_mode='additive', prophet_growth='linear', prophet_n_changepoints=25, prophet_yearly_seasonality='auto', prophet_weekly_seasonality='auto', prophet_daily_seasonality='auto', prophet_fallback_window=5, embed_type=0, enc_in=3, dec_in=3, c_out=3, d_model=512, n_heads=8, e_layers=2, d_layers=1, d_ff=2048, moving_avg=25, factor=1, distil=True, dropout=0.05, embed='timeF', activation='gelu', output_attention=False, do_predict=False, stem_ratio=6, downsample_ratio=2, ffn_ratio=2, patch_size=16, patch_stride=8, num_blocks=[1, 1, 1, 1], large_size=[31, 29, 27, 13], small_size=[5, 5, 5, 5], dims=[256, 256, 256, 256], small_kernel_merged=False, use_multi_scale=1, num_workers=10, itr=1, train_epochs=10, batch_size=32, patience=5, learning_rate=0.0001, des='Exp', loss='mse', lradj='type3', pct_start=0.3, use_amp=False, rec_lambda=1.0, auxi_lambda=0.0, use_gpu=False, gpu=0, use_multi_gpu=False, devices='0,1,2,3', test_flop=False)
Use CPU
>>>>>>>start training : AngleData_200_200_DLinear_angle_ftM_sl200_ll48_pl200_dm512_nh8_el2_dl1_df2048_fc1_ebtimeF_dtTrue_Exp_0>>>>>>>>>>>>>>>>>>>>>>>>>>
已应用use_augmentation
已应用use_smoothing
已保存可视化图像到: ./smoothing_visualization/before_smoothing.png
降采样rate：2
已保存可视化图像到: ./smoothing_visualization/after_smoothing.png
已生成平滑前后对比图。平滑处理将在每个训练样本上独立应用。
当前样本类型: train, 该类型样本数量: 3801
已应用use_smoothing
当前样本类型: val, 该类型样本数量: 1001
已应用use_smoothing
当前样本类型: test, 该类型样本数量: 401
train_epoch: 10
	iters: 100, epoch: 1 | loss: 1.0612112
	speed: 0.1366s/iter; left time: 147.6186s
Epoch: 1 cost time: 63.72158074378967
Epoch: 1 | Train Loss: 1.0209617 Vali Loss: 1.3565866 Test Loss: 1.3033611
Validation loss decreased (inf --> 1.356587).  Saving model ...
Updating learning rate to 0.0001
train_epoch: 10
	iters: 100, epoch: 2 | loss: 0.1362139
	speed: 1.7125s/iter; left time: 1649.1574s
Epoch: 2 cost time: 63.410789012908936
Epoch: 2 | Train Loss: 0.3000815 Vali Loss: 0.0385128 Test Loss: 0.0590226
Validation loss decreased (1.356587 --> 0.038513).  Saving model ...
Updating learning rate to 0.0001
train_epoch: 10
	iters: 100, epoch: 3 | loss: 0.1065435
	speed: 1.7152s/iter; left time: 1449.3842s
Epoch: 3 cost time: 62.93274903297424
Epoch: 3 | Train Loss: 0.0952955 Vali Loss: 0.0192771 Test Loss: 0.0377217
Validation loss decreased (0.038513 --> 0.019277).  Saving model ...
Updating learning rate to 0.0001
train_epoch: 10
	iters: 100, epoch: 4 | loss: 0.0893924
	speed: 1.7256s/iter; left time: 1254.4771s
Epoch: 4 cost time: 63.67962598800659
Epoch: 4 | Train Loss: 0.0863937 Vali Loss: 0.0169742 Test Loss: 0.0334847
Validation loss decreased (0.019277 --> 0.016974).  Saving model ...
Updating learning rate to 9e-05
train_epoch: 10
	iters: 100, epoch: 5 | loss: 0.0754975
	speed: 1.7225s/iter; left time: 1049.0266s
Epoch: 5 cost time: 64.1056547164917
Epoch: 5 | Train Loss: 0.0812516 Vali Loss: 0.0159620 Test Loss: 0.0320508
Validation loss decreased (0.016974 --> 0.015962).  Saving model ...
Updating learning rate to 8.1e-05
train_epoch: 10
	iters: 100, epoch: 6 | loss: 0.0711652
	speed: 1.7244s/iter; left time: 846.6967s
Epoch: 6 cost time: 64.14119076728821
Epoch: 6 | Train Loss: 0.0772304 Vali Loss: 0.0156768 Test Loss: 0.0313512
Validation loss decreased (0.015962 --> 0.015677).  Saving model ...
Updating learning rate to 7.290000000000001e-05
train_epoch: 10
	iters: 100, epoch: 7 | loss: 0.0593587
	speed: 1.7165s/iter; left time: 640.2392s
Epoch: 7 cost time: 63.21581315994263
Epoch: 7 | Train Loss: 0.0736881 Vali Loss: 0.0143351 Test Loss: 0.0283983
Validation loss decreased (0.015677 --> 0.014335).  Saving model ...
Updating learning rate to 6.561e-05
train_epoch: 10
	iters: 100, epoch: 8 | loss: 0.0705952
	speed: 1.7085s/iter; left time: 435.6687s
Epoch: 8 cost time: 63.01490092277527
Epoch: 8 | Train Loss: 0.0711021 Vali Loss: 0.0145659 Test Loss: 0.0286539
EarlyStopping counter: 1 out of 5
Updating learning rate to 5.904900000000001e-05
train_epoch: 10
	iters: 100, epoch: 9 | loss: 0.0821675
	speed: 1.7053s/iter; left time: 233.6233s
Epoch: 9 cost time: 62.66070199012756
Epoch: 9 | Train Loss: 0.0689780 Vali Loss: 0.0148053 Test Loss: 0.0287483
EarlyStopping counter: 2 out of 5
Updating learning rate to 5.3144100000000005e-05
train_epoch: 10
	iters: 100, epoch: 10 | loss: 0.0546766
	speed: 1.7064s/iter; left time: 32.4210s
Epoch: 10 cost time: 63.008718967437744
Epoch: 10 | Train Loss: 0.0672196 Vali Loss: 0.0144281 Test Loss: 0.0279212
EarlyStopping counter: 3 out of 5
Updating learning rate to 4.782969000000001e-05
损失历史已保存至: ./checkpoints/AngleData_200_200_DLinear_angle_ftM_sl200_ll48_pl200_dm512_nh8_el2_dl1_df2048_fc1_ebtimeF_dtTrue_Exp_0/loss_history.csv
损失曲线图已保存至: ./checkpoints/AngleData_200_200_DLinear_angle_ftM_sl200_ll48_pl200_dm512_nh8_el2_dl1_df2048_fc1_ebtimeF_dtTrue_Exp_0/loss_curve.pdf
>>>>>>>testing : AngleData_200_200_DLinear_angle_ftM_sl200_ll48_pl200_dm512_nh8_el2_dl1_df2048_fc1_ebtimeF_dtTrue_Exp_0<<<<<<<<<<<<<<<<<<<<<<<<<<<<<<<<<
已应用use_smoothing
当前样本类型: test, 该类型样本数量: 401
已应用use_smoothing
当前样本类型: val, 该类型样本数量: 1001
已保存 DML 偏相关矩阵至: ./results/AngleData_200_200_DLinear_angle_ftM_sl200_ll48_pl200_dm512_nh8_el2_dl1_df2048_fc1_ebtimeF_dtTrue_Exp_0/self_correlation_channel0.csv
已保存 DML 偏相关热力图至: ./results/AngleData_200_200_DLinear_angle_ftM_sl200_ll48_pl200_dm512_nh8_el2_dl1_df2048_fc1_ebtimeF_dtTrue_Exp_0/self_correlation_channel0.png
已保存 FFT 实部偏相关矩阵至: ./results/AngleData_200_200_DLinear_angle_ftM_sl200_ll48_pl200_dm512_nh8_el2_dl1_df2048_fc1_ebtimeF_dtTrue_Exp_0/self_correlation_fft_real_channel0.csv
已保存 FFT 实部偏相关热力图至: ./results/AngleData_200_200_DLinear_angle_ftM_sl200_ll48_pl200_dm512_nh8_el2_dl1_df2048_fc1_ebtimeF_dtTrue_Exp_0/self_correlation_fft_real_channel0.png
已保存 FFT 虚部偏相关矩阵至: ./results/AngleData_200_200_DLinear_angle_ftM_sl200_ll48_pl200_dm512_nh8_el2_dl1_df2048_fc1_ebtimeF_dtTrue_Exp_0/self_correlation_fft_imag_channel0.csv
已保存 FFT 虚部偏相关热力图至: ./results/AngleData_200_200_DLinear_angle_ftM_sl200_ll48_pl200_dm512_nh8_el2_dl1_df2048_fc1_ebtimeF_dtTrue_Exp_0/self_correlation_fft_imag_channel0.png
标准化后 - mse:0.02839834801852703, mae:0.12821203470230103, rse:0.19315579533576965
标准化后 - x: mse=0.021694, mae=0.107335
标准化后 - y: mse=0.048000, mae=0.179544
标准化后 - z: mse=0.015500, mae=0.097758
preds_denorm shape: (384, 200, 3)
反标准化后 - mse:0.004786707926541567, mae:0.05280362442135811, rse:0.0016348655335605145
反标准化后 - x: mse=0.004585, mae=0.049346
反标准化后 - y: mse=0.007305, mae=0.070041
反标准化后 - z: mse=0.002470, mae=0.039023
已生成 5 个样本的反标准化后可视化图片。一共有384个样本。
